#
# Copyright 2007-2015, Kaazing Corporation. All rights reserved.
#
# Licensed under the Apache License, Version 2.0 (the "License");
# you may not use this file except in compliance with the License.
# You may obtain a copy of the License at
#
# http://www.apache.org/licenses/LICENSE-2.0
#
# Unless required by applicable law or agreed to in writing, software
# distributed under the License is distributed on an "AS IS" BASIS,
# WITHOUT WARRANTIES OR CONDITIONS OF ANY KIND, either express or implied.
# See the License for the specific language governing permissions and
# limitations under the License.
#

property control ${control:map("target/nukleus-itests/echo/control", 1024, 1024)}

property newSourceRef ${streams:newReferenceId()}

connect agrona://stream/bidirectional
        option reader ${agrona:broadcastReceiver(control.controller)}
        option writer ${agrona:manyToOneWriter(control.nukleus)}

connected

write [0x00 0x00 0x00 0x01]
write ${control.nextCorrelationId()}
write [0x06] "source"
write flush

read [0x40 0x00 0x00 0x01]
read ${control.correlationId()}

write [0x00 0x00 0x00 0x03]
write ${control.nextCorrelationId()}
write [0x06] "source"
write flush

read [0x40 0x00 0x00 0x03]
read ${control.correlationId()}

write [0x00 0x00 0x00 0x11]
write ${control.nextCorrelationId()}
write [0x06] "source"
write ${newSourceRef}
write flush

read [0x40 0x00 0x00 0x11]
read ${control.correlationId()}
read ([0..8]:referenceId)

write [0x00 0x00 0x00 0x12]
write ${control.nextCorrelationId()}
write ${referenceId}
write flush

read [0x40 0x00 0x00 0x12]
read ${control.correlationId()}
read [0x06] "source"
read ${newSourceRef}

close
closed
