#
# Copyright 2007-2015, Kaazing Corporation. All rights reserved.
#
# Licensed under the Apache License, Version 2.0 (the "License");
# you may not use this file except in compliance with the License.
# You may obtain a copy of the License at
#
# http://www.apache.org/licenses/LICENSE-2.0
#
# Unless required by applicable law or agreed to in writing, software
# distributed under the License is distributed on an "AS IS" BASIS,
# WITHOUT WARRANTIES OR CONDITIONS OF ANY KIND, either express or implied.
# See the License for the specific language governing permissions and
# limitations under the License.
#

property sourceInitial ${streams:map("target/nukleus-itests/http/streams/source", 1024 * 1024)}
property sourceReply ${streams:map("target/nukleus-itests/source/streams/http", 1024 * 1024)}

property newReplyStreamId ${streams:newReplyStreamId()}

connect await BOUND
        agrona://stream/bidirectional
        option reader ${agrona:manyToOneReader(sourceInitial.buffer)}
        option writer ${agrona:manyToOneWriter(sourceReply.buffer)}
connected

read [0x00 0x00 0x00 0x01]
read ([0..8]:sourceStreamId)
read ([0..8]:sourceRef)

write [0x00 0x00 0x00 0x01]
write ${newReplyStreamId}
write ${sourceStreamId}
write flush

read [0x00 0x00 0x00 0x02]
read ${sourceStreamId}
read "GET http://username:password@localhost:8000/ HTTP/1.1\r\n"
read "Host: localhost:8000\r\n"
read "\r\n"

write [0x00 0x00 0x00 0x02]
write ${newReplyStreamId}
write "HTTP/1.1 400 Bad Request\r\n"
write "\r\n"
write flush
