#
# Copyright 2007-2015, Kaazing Corporation. All rights reserved.
#
# Licensed under the Apache License, Version 2.0 (the "License");
# you may not use this file except in compliance with the License.
# You may obtain a copy of the License at
#
# http://www.apache.org/licenses/LICENSE-2.0
#
# Unless required by applicable law or agreed to in writing, software
# distributed under the License is distributed on an "AS IS" BASIS,
# WITHOUT WARRANTIES OR CONDITIONS OF ANY KIND, either express or implied.
# See the License for the specific language governing permissions and
# limitations under the License.
#

property sourceInitial ${streams:map("target/nukleus-itests/ws/streams/source", 1024 * 1024)}
property sourceReply ${streams:map("target/nukleus-itests/source/streams/ws", 1024 * 1024)}

property newSourceStreamId ${streams:newInitialStreamId()}
property sourceRef ${streams:newReferenceId()}

property newKey ${ws:handshakeKey()}
property writeMask ${ws:randomBytes(4)}
property client125 ${ws:randomBytes(125)}

connect await BOUND
        agrona://stream/bidirectional
        option reader ${agrona:manyToOneReader(sourceReply.buffer)}
        option writer ${agrona:manyToOneWriter(sourceInitial.buffer)}
connected

write [0x00 0x00 0x00 0x01]
write ${newSourceStreamId}
write ${sourceRef}
write [0x00] [0x07] ":scheme" [0x04] "http"
write [0x00] [0x07] ":method" [0x03] "GET"
write [0x00] [0x05] ":path" [0x05] "/echo"
write [0x00] [0x04] "host" [0x0e] "localhost:8080"
write [0x00] [0x07] "upgrade" [0x09] "websocket"
write [0x00] [0x0a] "connection" [0x07] "upgrade"
write [0x00] [0x11] "sec-websocket-key" [0x18] ${newKey}
write [0x00] [0x15] "sec-websocket-version" [0x02] "13"
write flush

read [0x00 0x00 0x00 0x01]
read ([0..8]:replyStreamId)
read ${newSourceStreamId}
read [0x00] [0x07] ":status" [0x03] "101"
read [0x00] [0x07] "upgrade" [0x09] "websocket"
read [0x00] [0x0a] "connection" [0x07] "upgrade"
read [0x00] [0x14] "sec-websocket-accept" [0x1c] ${ws:handshakeHash(newKey)}

write [0x00 0x00 0x00 0x02]
write ${newSourceStreamId}
write [0x82 0xfd] ${writeMask}
write option mask ${writeMask}
write ${client125}
write option mask [0x00 0x00 0x00 0x00]
write flush

read [0x00 0x00 0x00 0x02]
read ${replyStreamId}
read [0x82 0x7d] ${client125}

close
closed
